2026-09-04T09:00:01.000Z [api-gateway] INFO Request routed: GET /api/orders 200 OK (42ms) trace_id=tr-1001
2026-09-04T09:00:05.000Z [api-gateway] INFO Request routed: POST /api/checkout 200 OK (118ms) trace_id=tr-1002
2026-09-04T09:00:10.000Z [payment-service] INFO Payment processed successfully for order #88213 trace_id=tr-1003
2026-09-04T09:00:12.000Z [auth-service] INFO User login success user_id=5521 trace_id=tr-1004
2026-09-04T09:12:03.000Z [payment-service] WARN Payment gateway response time elevated: 2.4s (threshold 1.5s) trace_id=tr-1005
2026-09-04T09:14:41.000Z [payment-service] WARN Payment gateway response time elevated: 3.1s (threshold 1.5s) trace_id=tr-1006
2026-09-04T09:17:22.000Z [payment-service] ERROR Payment gateway connection timeout after 10s trace_id=tr-1007
2026-09-04T09:17:45.000Z [payment-service] ERROR Payment gateway connection timeout after 10s trace_id=tr-1008
2026-09-04T09:18:03.000Z [payment-service] ERROR DB connection pool exhausted: 0/20 connections available trace_id=tr-1009
2026-09-04T09:18:30.000Z [payment-service] CRITICAL payment-service unresponsive - health check failing 3 consecutive times trace_id=tr-1010
2026-09-04T09:18:35.000Z [api-gateway] ERROR Upstream payment-service returned 503, failing checkout requests trace_id=tr-1011
2026-09-04T09:19:10.000Z [payment-service] ERROR DB connection pool exhausted: 0/20 connections available trace_id=tr-1012
2026-09-04T09:22:00.000Z [payment-service] WARN Restarting DB connection pool after exhaustion event trace_id=tr-1013
2026-09-04T09:23:15.000Z [payment-service] INFO DB connection pool restored: 20/20 connections available trace_id=tr-1014
2026-09-04T09:23:20.000Z [payment-service] INFO payment-service health check passing again trace_id=tr-1015
2026-09-04T09:23:25.000Z [api-gateway] INFO Checkout requests resuming normally trace_id=tr-1016
2026-09-04T09:30:00.000Z [worker-queue] INFO Job queue processed batch of 150 jobs successfully trace_id=tr-1017
2026-09-04T09:31:12.000Z [auth-service] WARN Repeated failed login attempts detected user_id=9981 (5 attempts) trace_id=tr-1018
2026-09-04T09:31:40.000Z [auth-service] ERROR Account locked due to repeated failed login attempts user_id=9981 trace_id=tr-1019
2026-09-04T09:45:00.000Z [api-gateway] INFO Request routed: GET /api/products 200 OK (35ms) trace_id=tr-1020
